../Core/Src/main_PWM.c:87:5:main	16	static
../Core/Src/main_PWM.c:152:6:SystemClock_Config	88	static
../Core/Src/main_PWM.c:199:13:MX_I2C1_Init	8	static
../Core/Src/main_PWM.c:233:13:MX_TIM1_Init	56	static
../Core/Src/main_PWM.c:283:13:MX_TIM2_Init	56	static
../Core/Src/main_PWM.c:332:13:MX_TIM3_Init	56	static
../Core/Src/main_PWM.c:381:13:MX_TIM4_Init	56	static
../Core/Src/main_PWM.c:430:13:MX_TIM5_Init	48	static
../Core/Src/main_PWM.c:491:13:MX_USART1_UART_Init	8	static
../Core/Src/main_PWM.c:522:13:MX_DMA_Init	16	static
../Core/Src/main_PWM.c:540:13:MX_GPIO_Init	48	static
../Core/Src/main_PWM.c:577:6:Error_Handler	4	static,ignoring_inline_asm
