../Core/Src/main.c:123:5:main	8	static
../Core/Src/main.c:191:6:SystemClock_Config	88	static
../Core/Src/main.c:238:13:MX_I2C1_Init	8	static
../Core/Src/main.c:272:13:MX_TIM1_Init	56	static
../Core/Src/main.c:322:13:MX_TIM2_Init	56	static
../Core/Src/main.c:371:13:MX_TIM3_Init	56	static
../Core/Src/main.c:420:13:MX_TIM4_Init	56	static
../Core/Src/main.c:469:13:MX_TIM5_Init	48	static
../Core/Src/main.c:530:13:MX_USART1_UART_Init	8	static
../Core/Src/main.c:561:13:MX_DMA_Init	16	static
../Core/Src/main.c:579:13:MX_GPIO_Init	48	static
../Core/Src/main.c:626:6:Error_Handler	4	static
